🛡️  Running HelloTalk Engineering Constitution Verification...
⚠️  [SPELLING WARNING] .agents/skills/angular-developer/references/host-elements.md:16 -> Found 'color', prefer British English 'colour/colours'.
⚠️  [SPELLING WARNING] .agents/skills/angular-developer/references/host-elements.md:25 -> Found 'color', prefer British English 'colour/colours'.
❌ [EM DASH VIOLATION] .agents/skills/angular-developer/references/pipes.md:31
   Found em dash ('—'). Use standard hyphens or colons instead (AGENTS.md Section 2).
❌ [EM DASH VIOLATION] .agents/skills/angular-developer/references/pipes.md:56
   Found em dash ('—'). Use standard hyphens or colons instead (AGENTS.md Section 2).
❌ [EM DASH VIOLATION] .agents/skills/angular-developer/references/pipes.md:68
   Found em dash ('—'). Use standard hyphens or colons instead (AGENTS.md Section 2).
❌ [EM DASH VIOLATION] .agents/skills/angular-developer/references/pipes.md:82
   Found em dash ('—'). Use standard hyphens or colons instead (AGENTS.md Section 2).
❌ [EM DASH VIOLATION] .agents/skills/angular-developer/references/pipes.md:97
   Found em dash ('—'). Use standard hyphens or colons instead (AGENTS.md Section 2).
❌ [EM DASH VIOLATION] .agents/skills/angular-developer/references/signal-forms.md:177
   Found em dash ('—'). Use standard hyphens or colons instead (AGENTS.md Section 2).
❌ [EM DASH VIOLATION] .agents/skills/angular-new-app/SKILL.md:36
   Found em dash ('—'). Use standard hyphens or colons instead (AGENTS.md Section 2).
❌ [EM DASH VIOLATION] .agents/skills/angular-new-app/SKILL.md:37
   Found em dash ('—'). Use standard hyphens or colons instead (AGENTS.md Section 2).
❌ [EM DASH VIOLATION] .agents/skills/angular-new-app/SKILL.md:38
   Found em dash ('—'). Use standard hyphens or colons instead (AGENTS.md Section 2).
❌ [EM DASH VIOLATION] .agents/skills/angular-new-app/SKILL.md:39
   Found em dash ('—'). Use standard hyphens or colons instead (AGENTS.md Section 2).
❌ [EM DASH VIOLATION] .agents/skills/angular-new-app/SKILL.md:40
   Found em dash ('—'). Use standard hyphens or colons instead (AGENTS.md Section 2).
⚠️  [SPELLING WARNING] docs/chat-ui-specifications.md:17 -> Found 'Color', prefer British English 'colour/colours'.
⚠️  [SPELLING WARNING] docs/chat-ui-specifications.md:38 -> Found 'color', prefer British English 'colour/colours'.
⚠️  [SPELLING WARNING] docs/chat-ui-specifications.md:64 -> Found 'Color', prefer British English 'colour/colours'.
⚠️  [SPELLING WARNING] docs/chat-ui-specifications.md:127 -> Found 'Color', prefer British English 'colour/colours'.
⚠️  [SPELLING WARNING] docs/chat-ui-specifications.md:140 -> Found 'color', prefer British English 'colour/colours'.
⚠️  [SPELLING WARNING] docs/chat-ui-specifications.md:144 -> Found 'Colors', prefer British English 'colour/colours'.
⚠️  [SPELLING WARNING] docs/chat-ui-specifications.md:176 -> Found 'Color', prefer British English 'colour/colours'.
⚠️  [SPELLING WARNING] docs/chat-ui-specifications.md:216 -> Found 'Color', prefer British English 'colour/colours'.
⚠️  [SPELLING WARNING] docs/chat-ui-specifications.md:219 -> Found 'Color', prefer British English 'colour/colours'.
⚠️  [SPELLING WARNING] docs/chat-ui-specifications.md:257 -> Found 'color', prefer British English 'colour/colours'.
⚠️  [SPELLING WARNING] docs/chat-ui-specifications.md:340 -> Found 'Color', prefer British English 'colour/colours'.
⚠️  [SPELLING WARNING] docs/chat-ui-specifications.md:346 -> Found 'Color', prefer British English 'colour/colours'.
⚠️  [SPELLING WARNING] docs/chat-ui-specifications.md:394 -> Found 'Color', prefer British English 'colour/colours'.
⚠️  [SPELLING WARNING] docs/chat-ui-specifications.md:420 -> Found 'color', prefer British English 'colour/colours'.
⚠️  [SPELLING WARNING] docs/chat-ui-specifications.md:479 -> Found 'Color', prefer British English 'colour/colours'.
⚠️  [SPELLING WARNING] docs/chat-ui-specifications.md:485 -> Found 'Color', prefer British English 'colour/colours'.
⚠️  [SPELLING WARNING] docs/chat-ui-specifications.md:491 -> Found 'color', prefer British English 'colour/colours'.
⚠️  [SPELLING WARNING] docs/chat-ui-specifications.md:515 -> Found 'Color', prefer British English 'colour/colours'.
⚠️  [SPELLING WARNING] docs/chat-ui-specifications.md:538 -> Found 'Color', prefer British English 'colour/colours'.
⚠️  [SPELLING WARNING] docs/chat-ui-specifications.md:551 -> Found 'color', prefer British English 'colour/colours'.
⚠️  [SPELLING WARNING] docs/chat-ui-specifications.md:572 -> Found 'Color', prefer British English 'colour/colours'.
⚠️  [SPELLING WARNING] docs/chat-ui-specifications.md:604 -> Found 'Color', prefer British English 'colour/colours'.
⚠️  [SPELLING WARNING] docs/chat-ui-specifications.md:627 -> Found 'Color', prefer British English 'colour/colours'.
⚠️  [SPELLING WARNING] docs/chat-ui-specifications.md:644 -> Found 'Color', prefer British English 'colour/colours'.
⚠️  [SPELLING WARNING] docs/chat-ui-specifications.md:674 -> Found 'Color', prefer British English 'colour/colours'.
⚠️  [SPELLING WARNING] docs/chat-ui-specifications.md:768 -> Found 'Color', prefer British English 'colour/colours'.
⚠️  [SPELLING WARNING] docs/chat-ui-specifications.md:776 -> Found 'Color', prefer British English 'colour/colours'.
⚠️  [SPELLING WARNING] docs/chat-ui-specifications.md:845 -> Found 'Color', prefer British English 'colour/colours'.
⚠️  [SPELLING WARNING] docs/chat-ui-specifications.md:864 -> Found 'Color', prefer British English 'colour/colours'.
⚠️  [SPELLING WARNING] docs/chat-ui-specifications.md:869 -> Found 'Color', prefer British English 'colour/colours'.
⚠️  [SPELLING WARNING] docs/chat-ui-specifications.md:900 -> Found 'Color', prefer British English 'colour/colours'.
⚠️  [SPELLING WARNING] docs/chat-ui-specifications.md:917 -> Found 'Color', prefer British English 'colour/colours'.
⚠️  [SPELLING WARNING] docs/chat-ui-specifications.md:935 -> Found 'Color', prefer British English 'colour/colours'.
⚠️  [SPELLING WARNING] docs/chat-ui-specifications.md:955 -> Found 'Color', prefer British English 'colour/colours'.
⚠️  [SPELLING WARNING] docs/chat-ui-specifications.md:998 -> Found 'Color', prefer British English 'colour/colours'.
⚠️  [SPELLING WARNING] docs/chat-ui-specifications.md:1003 -> Found 'Color', prefer British English 'colour/colours'.
⚠️  [SPELLING WARNING] docs/chat-ui-specifications.md:1024 -> Found 'Color', prefer British English 'colour/colours'.
⚠️  [SPELLING WARNING] docs/chat-ui-specifications.md:1028 -> Found 'Color', prefer British English 'colour/colours'.
⚠️  [SPELLING WARNING] docs/chat-ui-specifications.md:1033 -> Found 'Color', prefer British English 'colour/colours'.
⚠️  [SPELLING WARNING] specs/chat-ui-attachment-menu.md:34 -> Found 'colors', prefer British English 'colour/colours'.
⚠️  [SPELLING WARNING] specs/chat-ui-components/README.md:6 -> Found 'colors', prefer British English 'colour/colours'.
⚠️  [SPELLING WARNING] specs/chat-ui-components/README.md:32 -> Found 'Color', prefer British English 'colour/colours'.
⚠️  [SPELLING WARNING] specs/chat-ui-components/README.md:109 -> Found 'Color', prefer British English 'colour/colours'.
⚠️  [SPELLING WARNING] specs/chat-ui-components/SUMMARY.md:12 -> Found 'colors', prefer British English 'colour/colours'.
⚠️  [SPELLING WARNING] specs/chat-ui-components/SUMMARY.md:23 -> Found 'Color', prefer British English 'colour/colours'.
⚠️  [SPELLING WARNING] specs/chat-ui-components/SUMMARY.md:36 -> Found 'Color', prefer British English 'colour/colours'.
⚠️  [SPELLING WARNING] specs/chat-ui-components/attachment-menu.md:33 -> Found 'Color', prefer British English 'colour/colours'.
⚠️  [SPELLING WARNING] specs/chat-ui-components/attachment-menu.md:49 -> Found 'color', prefer British English 'colour/colours'.
⚠️  [SPELLING WARNING] specs/chat-ui-components/context-menu.md:30 -> Found 'Color', prefer British English 'colour/colours'.
⚠️  [SPELLING WARNING] specs/chat-ui-components/context-menu.md:61 -> Found 'color', prefer British English 'colour/colours'.
⚠️  [SPELLING WARNING] specs/chat-ui-components/doodle-pad.md:30 -> Found 'Color', prefer British English 'colour/colours'.
⚠️  [SPELLING WARNING] specs/chat-ui-components/doodle-pad.md:33 -> Found 'Color', prefer British English 'colour/colours'.
⚠️  [SPELLING WARNING] specs/chat-ui-components/doodle-pad.md:38 -> Found 'Color', prefer British English 'colour/colours'.
⚠️  [SPELLING WARNING] specs/chat-ui-components/doodle-pad.md:47 -> Found 'Colors', prefer British English 'colour/colours'.
⚠️  [SPELLING WARNING] specs/chat-ui-components/doodle-pad.md:58 -> Found 'color', prefer British English 'colour/colours'.
⚠️  [SPELLING WARNING] specs/chat-ui-components/doodle-pad.md:68 -> Found 'color', prefer British English 'colour/colours'.
⚠️  [SPELLING WARNING] specs/chat-ui-components/doodle-pad.md:107 -> Found 'Color', prefer British English 'colour/colours'.
⚠️  [SPELLING WARNING] specs/chat-ui-components/emoji-picker.md:33 -> Found 'Color', prefer British English 'colour/colours'.
⚠️  [SPELLING WARNING] specs/chat-ui-components/favourites-tab.md:48 -> Found 'Color', prefer British English 'colour/colours'.
⚠️  [SPELLING WARNING] specs/chat-ui-components/gift-picker.md:41 -> Found 'Color', prefer British English 'colour/colours'.
⚠️  [SPELLING WARNING] specs/chat-ui-components/input-bar.md:25 -> Found 'Color', prefer British English 'colour/colours'.
⚠️  [SPELLING WARNING] specs/chat-ui-components/message-bubbles.md:33 -> Found 'Color', prefer British English 'colour/colours'.
⚠️  [SPELLING WARNING] specs/chat-ui-components/message-bubbles.md:78 -> Found 'color', prefer British English 'colour/colours'.
⚠️  [SPELLING WARNING] specs/chat-ui-components/read-receipts.md:36 -> Found 'Color', prefer British English 'colour/colours'.
⚠️  [SPELLING WARNING] specs/chat-ui-components/read-receipts.md:89 -> Found 'color', prefer British English 'colour/colours'.
⚠️  [SPELLING WARNING] specs/chat-ui-components/search-bar.md:49 -> Found 'Color', prefer British English 'colour/colours'.
⚠️  [SPELLING WARNING] specs/chat-ui-components/typing-indicator.md:23 -> Found 'Color', prefer British English 'colour/colours'.
⚠️  [SPELLING WARNING] specs/chat-ui-components/voice-note-recorder.md:32 -> Found 'Color', prefer British English 'colour/colours'.
⚠️  [SPELLING WARNING] specs/chat-ui-doodle-pad.md:26 -> Found 'Color', prefer British English 'colour/colours'.

📊 Verification Complete: Checked 607 files.
⚠️  Warnings generated: 71
❌ FAILED: 11 constitution violations found.
